components/Hero.tsx(31,23): error TS2322: Type '{ hidden: { opacity: number; y: number; }; visible: { opacity: number; y: number; transition: { duration: number; ease: string; }; }; }' is not assignable to type 'Variants'.
  Property 'visible' is incompatible with index signature.
    Type '{ opacity: number; y: number; transition: { duration: number; ease: string; }; }' is not assignable to type 'Variant'.
      Type '{ opacity: number; y: number; transition: { duration: number; ease: string; }; }' is not assignable to type 'TargetAndTransition'.
        Type '{ opacity: number; y: number; transition: { duration: number; ease: string; }; }' is not assignable to type '{ transition?: Transition<any> | undefined; transitionEnd?: ResolvedValues$1 | undefined; }'.
          Types of property 'transition' are incompatible.
            Type '{ duration: number; ease: string; }' is not assignable to type 'Transition<any> | undefined'.
              Type '{ duration: number; ease: string; }' is not assignable to type 'TransitionWithValueOverrides<any>'.
                Type '{ duration: number; ease: string; }' is not assignable to type 'ValueAnimationTransition<any>'.
                  Types of property 'ease' are incompatible.
                    Type 'string' is not assignable to type 'Easing | Easing[] | undefined'.
components/Hero.tsx(39,13): error TS2322: Type '{ hidden: { opacity: number; y: number; }; visible: { opacity: number; y: number; transition: { duration: number; ease: string; }; }; }' is not assignable to type 'Variants'.
  Property 'visible' is incompatible with index signature.
    Type '{ opacity: number; y: number; transition: { duration: number; ease: string; }; }' is not assignable to type 'Variant'.
      Type '{ opacity: number; y: number; transition: { duration: number; ease: string; }; }' is not assignable to type 'TargetAndTransition'.
        Type '{ opacity: number; y: number; transition: { duration: number; ease: string; }; }' is not assignable to type '{ transition?: Transition<any> | undefined; transitionEnd?: ResolvedValues$1 | undefined; }'.
          Types of property 'transition' are incompatible.
            Type '{ duration: number; ease: string; }' is not assignable to type 'Transition<any> | undefined'.
              Type '{ duration: number; ease: string; }' is not assignable to type 'TransitionWithValueOverrides<any>'.
                Type '{ duration: number; ease: string; }' is not assignable to type 'ValueAnimationTransition<any>'.
                  Types of property 'ease' are incompatible.
                    Type 'string' is not assignable to type 'Easing | Easing[] | undefined'.
components/Hero.tsx(47,13): error TS2322: Type '{ hidden: { opacity: number; y: number; }; visible: { opacity: number; y: number; transition: { duration: number; ease: string; }; }; }' is not assignable to type 'Variants'.
  Property 'visible' is incompatible with index signature.
    Type '{ opacity: number; y: number; transition: { duration: number; ease: string; }; }' is not assignable to type 'Variant'.
      Type '{ opacity: number; y: number; transition: { duration: number; ease: string; }; }' is not assignable to type 'TargetAndTransition'.
        Type '{ opacity: number; y: number; transition: { duration: number; ease: string; }; }' is not assignable to type '{ transition?: Transition<any> | undefined; transitionEnd?: ResolvedValues$1 | undefined; }'.
          Types of property 'transition' are incompatible.
            Type '{ duration: number; ease: string; }' is not assignable to type 'Transition<any> | undefined'.
              Type '{ duration: number; ease: string; }' is not assignable to type 'TransitionWithValueOverrides<any>'.
                Type '{ duration: number; ease: string; }' is not assignable to type 'ValueAnimationTransition<any>'.
                  Types of property 'ease' are incompatible.
                    Type 'string' is not assignable to type 'Easing | Easing[] | undefined'.
components/Hero.tsx(54,23): error TS2322: Type '{ hidden: { opacity: number; y: number; }; visible: { opacity: number; y: number; transition: { duration: number; ease: string; }; }; }' is not assignable to type 'Variants'.
  Property 'visible' is incompatible with index signature.
    Type '{ opacity: number; y: number; transition: { duration: number; ease: string; }; }' is not assignable to type 'Variant'.
      Type '{ opacity: number; y: number; transition: { duration: number; ease: string; }; }' is not assignable to type 'TargetAndTransition'.
        Type '{ opacity: number; y: number; transition: { duration: number; ease: string; }; }' is not assignable to type '{ transition?: Transition<any> | undefined; transitionEnd?: ResolvedValues$1 | undefined; }'.
          Types of property 'transition' are incompatible.
            Type '{ duration: number; ease: string; }' is not assignable to type 'Transition<any> | undefined'.
              Type '{ duration: number; ease: string; }' is not assignable to type 'TransitionWithValueOverrides<any>'.
                Type '{ duration: number; ease: string; }' is not assignable to type 'ValueAnimationTransition<any>'.
                  Types of property 'ease' are incompatible.
                    Type 'string' is not assignable to type 'Easing | Easing[] | undefined'.
models/Project.ts(4,18): error TS2320: Interface 'IProject' cannot simultaneously extend types 'Document<ObjectId, any, any, Record<string, any>, {}>' and 'Project'.
  Named property '_id' of types 'Document<ObjectId, any, any, Record<string, any>, {}>' and 'Project' are not identical.
models/Service.ts(4,18): error TS2320: Interface 'IService' cannot simultaneously extend types 'Document<ObjectId, any, any, Record<string, any>, {}>' and 'Service'.
  Named property '_id' of types 'Document<ObjectId, any, any, Record<string, any>, {}>' and 'Service' are not identical.
